Archive member included because of file (symbol)

c:/program files (x86)/atmel/atmel studio 6.0/extensions/atmel/avrgcc/3.4.1.95/avrtoolchain/bin/../lib/gcc/avr/4.6.2/avr5\libgcc.a(_exit.o)
                              c:/program files (x86)/atmel/atmel studio 6.0/extensions/atmel/avrgcc/3.4.1.95/avrtoolchain/bin/../lib/gcc/avr/4.6.2/../../../../avr/lib/avr5/crtm328p.o (exit)
c:/program files (x86)/atmel/atmel studio 6.0/extensions/atmel/avrgcc/3.4.1.95/avrtoolchain/bin/../lib/gcc/avr/4.6.2/avr5\libgcc.a(_copy_data.o)
                              hd44780.o (__do_copy_data)
c:/program files (x86)/atmel/atmel studio 6.0/extensions/atmel/avrgcc/3.4.1.95/avrtoolchain/bin/../lib/gcc/avr/4.6.2/avr5\libgcc.a(_clear_bss.o)
                              hd44780.o (__do_clear_bss)
c:/program files (x86)/atmel/atmel studio 6.0/extensions/atmel/avrgcc/3.4.1.95/avrtoolchain/bin/../lib/gcc/avr/4.6.2/avr5\libgcc.a(_ctors.o)
                              I2Ctest.o (__do_global_ctors)
c:/program files (x86)/atmel/atmel studio 6.0/extensions/atmel/avrgcc/3.4.1.95/avrtoolchain/bin/../lib/gcc/avr/4.6.2/avr5\libgcc.a(_tablejump.o)
                              c:/program files (x86)/atmel/atmel studio 6.0/extensions/atmel/avrgcc/3.4.1.95/avrtoolchain/bin/../lib/gcc/avr/4.6.2/avr5\libgcc.a(_ctors.o) (__tablejump__)

Memory Configuration

Name             Origin             Length             Attributes
text             0x00000000         0x00020000         xr
data             0x00800060         0x0000ffa0         rw !x
eeprom           0x00810000         0x00010000         rw !x
fuse             0x00820000         0x00000400         rw !x
lock             0x00830000         0x00000400         rw !x
signature        0x00840000         0x00000400         rw !x
*default*        0x00000000         0xffffffff

Linker script and memory map

Address of section .data set to 0x800100
LOAD c:/program files (x86)/atmel/atmel studio 6.0/extensions/atmel/avrgcc/3.4.1.95/avrtoolchain/bin/../lib/gcc/avr/4.6.2/../../../../avr/lib/avr5/crtm328p.o
LOAD hd44780.o
LOAD I2Ctest.o
LOAD TI2C.o
LOAD I2CSlave.o
START GROUP
LOAD c:/program files (x86)/atmel/atmel studio 6.0/extensions/atmel/avrgcc/3.4.1.95/avrtoolchain/bin/../lib/gcc/avr/4.6.2/../../../../avr/lib/avr5\libm.a
END GROUP
LOAD c:/program files (x86)/atmel/atmel studio 6.0/extensions/atmel/avrgcc/3.4.1.95/avrtoolchain/bin/../lib/gcc/avr/4.6.2/avr5\libgcc.a
LOAD c:/program files (x86)/atmel/atmel studio 6.0/extensions/atmel/avrgcc/3.4.1.95/avrtoolchain/bin/../lib/gcc/avr/4.6.2/../../../../avr/lib/avr5\libm.a
LOAD c:/program files (x86)/atmel/atmel studio 6.0/extensions/atmel/avrgcc/3.4.1.95/avrtoolchain/bin/../lib/gcc/avr/4.6.2/avr5\libgcc.a
LOAD c:/program files (x86)/atmel/atmel studio 6.0/extensions/atmel/avrgcc/3.4.1.95/avrtoolchain/bin/../lib/gcc/avr/4.6.2/../../../../avr/lib/avr5\libc.a
LOAD c:/program files (x86)/atmel/atmel studio 6.0/extensions/atmel/avrgcc/3.4.1.95/avrtoolchain/bin/../lib/gcc/avr/4.6.2/avr5\libgcc.a

.hash
 *(.hash)

.dynsym
 *(.dynsym)

.dynstr
 *(.dynstr)

.gnu.version
 *(.gnu.version)

.gnu.version_d
 *(.gnu.version_d)

.gnu.version_r
 *(.gnu.version_r)

.rel.init
 *(.rel.init)

.rela.init
 *(.rela.init)

.rel.text
 *(.rel.text)
 *(.rel.text.*)
 *(.rel.gnu.linkonce.t*)

.rela.text
 *(.rela.text)
 *(.rela.text.*)
 *(.rela.gnu.linkonce.t*)

.rel.fini
 *(.rel.fini)

.rela.fini
 *(.rela.fini)

.rel.rodata
 *(.rel.rodata)
 *(.rel.rodata.*)
 *(.rel.gnu.linkonce.r*)

.rela.rodata
 *(.rela.rodata)
 *(.rela.rodata.*)
 *(.rela.gnu.linkonce.r*)

.rel.data
 *(.rel.data)
 *(.rel.data.*)
 *(.rel.gnu.linkonce.d*)

.rela.data
 *(.rela.data)
 *(.rela.data.*)
 *(.rela.gnu.linkonce.d*)

.rel.ctors
 *(.rel.ctors)

.rela.ctors
 *(.rela.ctors)

.rel.dtors
 *(.rel.dtors)

.rela.dtors
 *(.rela.dtors)

.rel.got
 *(.rel.got)

.rela.got
 *(.rela.got)

.rel.bss
 *(.rel.bss)

.rela.bss
 *(.rela.bss)

.rel.plt
 *(.rel.plt)

.rela.plt
 *(.rela.plt)

.text           0x00000000      0x388
 *(.vectors)
 .vectors       0x00000000       0x68 c:/program files (x86)/atmel/atmel studio 6.0/extensions/atmel/avrgcc/3.4.1.95/avrtoolchain/bin/../lib/gcc/avr/4.6.2/../../../../avr/lib/avr5/crtm328p.o
                0x00000000                __vector_default
                0x00000000                __vectors
 *(.vectors)
 *(.progmem.gcc*)
 *(.progmem*)
                0x00000068                . = ALIGN (0x2)
                0x00000068                __trampolines_start = .
 *(.trampolines)
 .trampolines   0x00000068        0x0 linker stubs
 *(.trampolines*)
                0x00000068                __trampolines_end = .
 *(.jumptables)
 *(.jumptables*)
 *(.lowtext)
 *(.lowtext*)
                0x00000068                __ctors_start = .
 *(.ctors)
 .ctors         0x00000068        0x2 I2Ctest.o
                0x0000006a                __ctors_end = .
                0x0000006a                __dtors_start = .
 *(.dtors)
                0x0000006a                __dtors_end = .
 SORT(*)(.ctors)
 SORT(*)(.dtors)
 *(.init0)
 .init0         0x0000006a        0x0 c:/program files (x86)/atmel/atmel studio 6.0/extensions/atmel/avrgcc/3.4.1.95/avrtoolchain/bin/../lib/gcc/avr/4.6.2/../../../../avr/lib/avr5/crtm328p.o
                0x0000006a                __init
 *(.init0)
 *(.init1)
 *(.init1)
 *(.init2)
 .init2         0x0000006a        0xc c:/program files (x86)/atmel/atmel studio 6.0/extensions/atmel/avrgcc/3.4.1.95/avrtoolchain/bin/../lib/gcc/avr/4.6.2/../../../../avr/lib/avr5/crtm328p.o
 *(.init2)
 *(.init3)
 *(.init3)
 *(.init4)
 .init4         0x00000076       0x16 c:/program files (x86)/atmel/atmel studio 6.0/extensions/atmel/avrgcc/3.4.1.95/avrtoolchain/bin/../lib/gcc/avr/4.6.2/avr5\libgcc.a(_copy_data.o)
                0x00000076                __do_copy_data
 .init4         0x0000008c       0x10 c:/program files (x86)/atmel/atmel studio 6.0/extensions/atmel/avrgcc/3.4.1.95/avrtoolchain/bin/../lib/gcc/avr/4.6.2/avr5\libgcc.a(_clear_bss.o)
                0x0000008c                __do_clear_bss
 *(.init4)
 *(.init5)
 *(.init5)
 *(.init6)
 .init6         0x0000009c       0x16 c:/program files (x86)/atmel/atmel studio 6.0/extensions/atmel/avrgcc/3.4.1.95/avrtoolchain/bin/../lib/gcc/avr/4.6.2/avr5\libgcc.a(_ctors.o)
                0x0000009c                __do_global_ctors
 *(.init6)
 *(.init7)
 *(.init7)
 *(.init8)
 *(.init8)
 *(.init9)
 .init9         0x000000b2        0x8 c:/program files (x86)/atmel/atmel studio 6.0/extensions/atmel/avrgcc/3.4.1.95/avrtoolchain/bin/../lib/gcc/avr/4.6.2/../../../../avr/lib/avr5/crtm328p.o
 *(.init9)
 *(.text)
 .text          0x000000ba        0x4 c:/program files (x86)/atmel/atmel studio 6.0/extensions/atmel/avrgcc/3.4.1.95/avrtoolchain/bin/../lib/gcc/avr/4.6.2/../../../../avr/lib/avr5/crtm328p.o
                0x000000ba                __vector_22
                0x000000ba                __vector_1
                0x000000ba                __vector_12
                0x000000ba                __bad_interrupt
                0x000000ba                __vector_6
                0x000000ba                __vector_3
                0x000000ba                __vector_23
                0x000000ba                __vector_25
                0x000000ba                __vector_11
                0x000000ba                __vector_13
                0x000000ba                __vector_17
                0x000000ba                __vector_19
                0x000000ba                __vector_7
                0x000000ba                __vector_5
                0x000000ba                __vector_4
                0x000000ba                __vector_9
                0x000000ba                __vector_2
                0x000000ba                __vector_21
                0x000000ba                __vector_15
                0x000000ba                __vector_8
                0x000000ba                __vector_14
                0x000000ba                __vector_10
                0x000000ba                __vector_16
                0x000000ba                __vector_18
                0x000000ba                __vector_20
 .text          0x000000be      0x12a hd44780.o
                0x000000cc                lcd_write
                0x000000e6                lcd_init
                0x00000150                lcd_locate
                0x00000176                lcd_putc
 .text          0x000001e8       0x62 I2Ctest.o
                0x000001e8                i2c_received_cb(char*)
                0x000001ea                i2c_request_cb()
                0x000001ec                initHard()
                0x00000200                setup()
                0x00000230                main
 .text          0x0000024a       0x42 TI2C.o
                0x0000024a                TI2C::TI2C(unsigned char, void (*)(char*), void (*)())
                0x0000024a                TI2C::TI2C(unsigned char, void (*)(char*), void (*)())
                0x00000266                TI2C::received(char*)
                0x00000278                TI2C::requested()
                0x0000027a                TI2C::char_received(unsigned char)
 .text          0x0000028c       0xec I2CSlave.o
                0x0000028c                I2C_setCallbacks(void (*)(unsigned char), void (*)())
                0x0000029e                I2C_init(unsigned char)
                0x000002b0                I2C_stop()
                0x000002be                __vector_24
 .text          0x00000378        0x0 c:/program files (x86)/atmel/atmel studio 6.0/extensions/atmel/avrgcc/3.4.1.95/avrtoolchain/bin/../lib/gcc/avr/4.6.2/avr5\libgcc.a(_exit.o)
 .text          0x00000378        0x0 c:/program files (x86)/atmel/atmel studio 6.0/extensions/atmel/avrgcc/3.4.1.95/avrtoolchain/bin/../lib/gcc/avr/4.6.2/avr5\libgcc.a(_copy_data.o)
 .text          0x00000378        0x0 c:/program files (x86)/atmel/atmel studio 6.0/extensions/atmel/avrgcc/3.4.1.95/avrtoolchain/bin/../lib/gcc/avr/4.6.2/avr5\libgcc.a(_clear_bss.o)
 .text          0x00000378        0x0 c:/program files (x86)/atmel/atmel studio 6.0/extensions/atmel/avrgcc/3.4.1.95/avrtoolchain/bin/../lib/gcc/avr/4.6.2/avr5\libgcc.a(_ctors.o)
 .text          0x00000378        0x0 c:/program files (x86)/atmel/atmel studio 6.0/extensions/atmel/avrgcc/3.4.1.95/avrtoolchain/bin/../lib/gcc/avr/4.6.2/avr5\libgcc.a(_tablejump.o)
                0x00000378                . = ALIGN (0x2)
 *(.text.*)
 .text.libgcc   0x00000378        0x0 c:/program files (x86)/atmel/atmel studio 6.0/extensions/atmel/avrgcc/3.4.1.95/avrtoolchain/bin/../lib/gcc/avr/4.6.2/avr5\libgcc.a(_exit.o)
 .text.libgcc   0x00000378        0x0 c:/program files (x86)/atmel/atmel studio 6.0/extensions/atmel/avrgcc/3.4.1.95/avrtoolchain/bin/../lib/gcc/avr/4.6.2/avr5\libgcc.a(_copy_data.o)
 .text.libgcc   0x00000378        0x0 c:/program files (x86)/atmel/atmel studio 6.0/extensions/atmel/avrgcc/3.4.1.95/avrtoolchain/bin/../lib/gcc/avr/4.6.2/avr5\libgcc.a(_clear_bss.o)
 .text.libgcc   0x00000378        0x0 c:/program files (x86)/atmel/atmel studio 6.0/extensions/atmel/avrgcc/3.4.1.95/avrtoolchain/bin/../lib/gcc/avr/4.6.2/avr5\libgcc.a(_ctors.o)
 .text.libgcc   0x00000378        0xc c:/program files (x86)/atmel/atmel studio 6.0/extensions/atmel/avrgcc/3.4.1.95/avrtoolchain/bin/../lib/gcc/avr/4.6.2/avr5\libgcc.a(_tablejump.o)
                0x00000378                __tablejump2__
                0x0000037c                __tablejump__
                0x00000384                . = ALIGN (0x2)
 *(.fini9)
 .fini9         0x00000384        0x0 c:/program files (x86)/atmel/atmel studio 6.0/extensions/atmel/avrgcc/3.4.1.95/avrtoolchain/bin/../lib/gcc/avr/4.6.2/avr5\libgcc.a(_exit.o)
                0x00000384                _exit
                0x00000384                exit
 *(.fini9)
 *(.fini8)
 *(.fini8)
 *(.fini7)
 *(.fini7)
 *(.fini6)
 *(.fini6)
 *(.fini5)
 *(.fini5)
 *(.fini4)
 *(.fini4)
 *(.fini3)
 *(.fini3)
 *(.fini2)
 *(.fini2)
 *(.fini1)
 *(.fini1)
 *(.fini0)
 .fini0         0x00000384        0x4 c:/program files (x86)/atmel/atmel studio 6.0/extensions/atmel/avrgcc/3.4.1.95/avrtoolchain/bin/../lib/gcc/avr/4.6.2/avr5\libgcc.a(_exit.o)
 *(.fini0)
                0x00000388                _etext = .

.data           0x00800100       0x10 load address 0x00000388
                0x00800100                PROVIDE (__data_start, .)
 *(.data)
 .data          0x00800100        0x0 c:/program files (x86)/atmel/atmel studio 6.0/extensions/atmel/avrgcc/3.4.1.95/avrtoolchain/bin/../lib/gcc/avr/4.6.2/../../../../avr/lib/avr5/crtm328p.o
 .data          0x00800100        0x0 hd44780.o
 .data          0x00800100       0x10 I2Ctest.o
                0x00800100                str
 .data          0x00800110        0x0 TI2C.o
 .data          0x00800110        0x0 I2CSlave.o
 .data          0x00800110        0x0 c:/program files (x86)/atmel/atmel studio 6.0/extensions/atmel/avrgcc/3.4.1.95/avrtoolchain/bin/../lib/gcc/avr/4.6.2/avr5\libgcc.a(_exit.o)
 .data          0x00800110        0x0 c:/program files (x86)/atmel/atmel studio 6.0/extensions/atmel/avrgcc/3.4.1.95/avrtoolchain/bin/../lib/gcc/avr/4.6.2/avr5\libgcc.a(_copy_data.o)
 .data          0x00800110        0x0 c:/program files (x86)/atmel/atmel studio 6.0/extensions/atmel/avrgcc/3.4.1.95/avrtoolchain/bin/../lib/gcc/avr/4.6.2/avr5\libgcc.a(_clear_bss.o)
 .data          0x00800110        0x0 c:/program files (x86)/atmel/atmel studio 6.0/extensions/atmel/avrgcc/3.4.1.95/avrtoolchain/bin/../lib/gcc/avr/4.6.2/avr5\libgcc.a(_ctors.o)
 .data          0x00800110        0x0 c:/program files (x86)/atmel/atmel studio 6.0/extensions/atmel/avrgcc/3.4.1.95/avrtoolchain/bin/../lib/gcc/avr/4.6.2/avr5\libgcc.a(_tablejump.o)
 *(.data*)
 *(.rodata)
 *(.rodata*)
 *(.gnu.linkonce.d*)
                0x00800110                . = ALIGN (0x2)
                0x00800110                _edata = .
                0x00800110                PROVIDE (__data_end, .)

.bss            0x00800110      0x40b
                0x00800110                PROVIDE (__bss_start, .)
 *(.bss)
 .bss           0x00800110        0x0 c:/program files (x86)/atmel/atmel studio 6.0/extensions/atmel/avrgcc/3.4.1.95/avrtoolchain/bin/../lib/gcc/avr/4.6.2/../../../../avr/lib/avr5/crtm328p.o
 .bss           0x00800110        0x2 hd44780.o
 .bss           0x00800112      0x405 I2Ctest.o
                0x00800112                ti2c
                0x00800516                data
 .bss           0x00800517        0x0 TI2C.o
 .bss           0x00800517        0x4 I2CSlave.o
 .bss           0x0080051b        0x0 c:/program files (x86)/atmel/atmel studio 6.0/extensions/atmel/avrgcc/3.4.1.95/avrtoolchain/bin/../lib/gcc/avr/4.6.2/avr5\libgcc.a(_exit.o)
 .bss           0x0080051b        0x0 c:/program files (x86)/atmel/atmel studio 6.0/extensions/atmel/avrgcc/3.4.1.95/avrtoolchain/bin/../lib/gcc/avr/4.6.2/avr5\libgcc.a(_copy_data.o)
 .bss           0x0080051b        0x0 c:/program files (x86)/atmel/atmel studio 6.0/extensions/atmel/avrgcc/3.4.1.95/avrtoolchain/bin/../lib/gcc/avr/4.6.2/avr5\libgcc.a(_clear_bss.o)
 .bss           0x0080051b        0x0 c:/program files (x86)/atmel/atmel studio 6.0/extensions/atmel/avrgcc/3.4.1.95/avrtoolchain/bin/../lib/gcc/avr/4.6.2/avr5\libgcc.a(_ctors.o)
 .bss           0x0080051b        0x0 c:/program files (x86)/atmel/atmel studio 6.0/extensions/atmel/avrgcc/3.4.1.95/avrtoolchain/bin/../lib/gcc/avr/4.6.2/avr5\libgcc.a(_tablejump.o)
 *(.bss*)
 *(COMMON)
                0x0080051b                PROVIDE (__bss_end, .)
                0x00000388                __data_load_start = LOADADDR (.data)
                0x00000398                __data_load_end = (__data_load_start + SIZEOF (.data))

.noinit         0x0080051b        0x0
                0x0080051b                PROVIDE (__noinit_start, .)
 *(.noinit*)
                0x0080051b                PROVIDE (__noinit_end, .)
                0x0080051b                _end = .
                0x0080051b                PROVIDE (__heap_start, .)

.eeprom         0x00810000        0x0
 *(.eeprom*)
                0x00810000                __eeprom_end = .

.fuse
 *(.fuse)
 *(.lfuse)
 *(.hfuse)
 *(.efuse)

.lock
 *(.lock*)

.signature
 *(.signature*)

.stab           0x00000000      0x6cc
 *(.stab)
 .stab          0x00000000      0x6cc c:/program files (x86)/atmel/atmel studio 6.0/extensions/atmel/avrgcc/3.4.1.95/avrtoolchain/bin/../lib/gcc/avr/4.6.2/../../../../avr/lib/avr5/crtm328p.o

.stabstr        0x00000000       0x85
 *(.stabstr)
 .stabstr       0x00000000       0x85 c:/program files (x86)/atmel/atmel studio 6.0/extensions/atmel/avrgcc/3.4.1.95/avrtoolchain/bin/../lib/gcc/avr/4.6.2/../../../../avr/lib/avr5/crtm328p.o

.stab.excl
 *(.stab.excl)

.stab.exclstr
 *(.stab.exclstr)

.stab.index
 *(.stab.index)

.stab.indexstr
 *(.stab.indexstr)

.comment
 *(.comment)

.debug
 *(.debug)

.line
 *(.line)

.debug_srcinfo
 *(.debug_srcinfo)

.debug_sfnames
 *(.debug_sfnames)

.debug_aranges  0x00000000      0x120
 *(.debug_aranges)
 .debug_aranges
                0x00000000       0x20 hd44780.o
 .debug_aranges
                0x00000020       0x20 I2Ctest.o
 .debug_aranges
                0x00000040       0x20 TI2C.o
 .debug_aranges
                0x00000060       0x20 I2CSlave.o
 .debug_aranges
                0x00000080       0x20 c:/program files (x86)/atmel/atmel studio 6.0/extensions/atmel/avrgcc/3.4.1.95/avrtoolchain/bin/../lib/gcc/avr/4.6.2/avr5\libgcc.a(_exit.o)
 .debug_aranges
                0x000000a0       0x20 c:/program files (x86)/atmel/atmel studio 6.0/extensions/atmel/avrgcc/3.4.1.95/avrtoolchain/bin/../lib/gcc/avr/4.6.2/avr5\libgcc.a(_copy_data.o)
 .debug_aranges
                0x000000c0       0x20 c:/program files (x86)/atmel/atmel studio 6.0/extensions/atmel/avrgcc/3.4.1.95/avrtoolchain/bin/../lib/gcc/avr/4.6.2/avr5\libgcc.a(_clear_bss.o)
 .debug_aranges
                0x000000e0       0x20 c:/program files (x86)/atmel/atmel studio 6.0/extensions/atmel/avrgcc/3.4.1.95/avrtoolchain/bin/../lib/gcc/avr/4.6.2/avr5\libgcc.a(_ctors.o)
 .debug_aranges
                0x00000100       0x20 c:/program files (x86)/atmel/atmel studio 6.0/extensions/atmel/avrgcc/3.4.1.95/avrtoolchain/bin/../lib/gcc/avr/4.6.2/avr5\libgcc.a(_tablejump.o)

.debug_pubnames
 *(.debug_pubnames)

.debug_info     0x00000000      0xd52
 *(.debug_info)
 .debug_info    0x00000000      0x17c hd44780.o
 .debug_info    0x0000017c      0x326 I2Ctest.o
 .debug_info    0x000004a2      0x323 TI2C.o
 .debug_info    0x000007c5      0x13c I2CSlave.o
 .debug_info    0x00000901       0xdd c:/program files (x86)/atmel/atmel studio 6.0/extensions/atmel/avrgcc/3.4.1.95/avrtoolchain/bin/../lib/gcc/avr/4.6.2/avr5\libgcc.a(_exit.o)
 .debug_info    0x000009de       0xdd c:/program files (x86)/atmel/atmel studio 6.0/extensions/atmel/avrgcc/3.4.1.95/avrtoolchain/bin/../lib/gcc/avr/4.6.2/avr5\libgcc.a(_copy_data.o)
 .debug_info    0x00000abb       0xdd c:/program files (x86)/atmel/atmel studio 6.0/extensions/atmel/avrgcc/3.4.1.95/avrtoolchain/bin/../lib/gcc/avr/4.6.2/avr5\libgcc.a(_clear_bss.o)
 .debug_info    0x00000b98       0xdd c:/program files (x86)/atmel/atmel studio 6.0/extensions/atmel/avrgcc/3.4.1.95/avrtoolchain/bin/../lib/gcc/avr/4.6.2/avr5\libgcc.a(_ctors.o)
 .debug_info    0x00000c75       0xdd c:/program files (x86)/atmel/atmel studio 6.0/extensions/atmel/avrgcc/3.4.1.95/avrtoolchain/bin/../lib/gcc/avr/4.6.2/avr5\libgcc.a(_tablejump.o)
 *(.gnu.linkonce.wi.*)

.debug_abbrev   0x00000000      0x5b8
 *(.debug_abbrev)
 .debug_abbrev  0x00000000       0xc5 hd44780.o
 .debug_abbrev  0x000000c5      0x1fa I2Ctest.o
 .debug_abbrev  0x000002bf      0x1c5 TI2C.o
 .debug_abbrev  0x00000484       0xd0 I2CSlave.o
 .debug_abbrev  0x00000554       0x14 c:/program files (x86)/atmel/atmel studio 6.0/extensions/atmel/avrgcc/3.4.1.95/avrtoolchain/bin/../lib/gcc/avr/4.6.2/avr5\libgcc.a(_exit.o)
 .debug_abbrev  0x00000568       0x14 c:/program files (x86)/atmel/atmel studio 6.0/extensions/atmel/avrgcc/3.4.1.95/avrtoolchain/bin/../lib/gcc/avr/4.6.2/avr5\libgcc.a(_copy_data.o)
 .debug_abbrev  0x0000057c       0x14 c:/program files (x86)/atmel/atmel studio 6.0/extensions/atmel/avrgcc/3.4.1.95/avrtoolchain/bin/../lib/gcc/avr/4.6.2/avr5\libgcc.a(_clear_bss.o)
 .debug_abbrev  0x00000590       0x14 c:/program files (x86)/atmel/atmel studio 6.0/extensions/atmel/avrgcc/3.4.1.95/avrtoolchain/bin/../lib/gcc/avr/4.6.2/avr5\libgcc.a(_ctors.o)
 .debug_abbrev  0x000005a4       0x14 c:/program files (x86)/atmel/atmel studio 6.0/extensions/atmel/avrgcc/3.4.1.95/avrtoolchain/bin/../lib/gcc/avr/4.6.2/avr5\libgcc.a(_tablejump.o)

.debug_line     0x00000000      0x6da
 *(.debug_line)
 .debug_line    0x00000000      0x12d hd44780.o
 .debug_line    0x0000012d      0x109 I2Ctest.o
 .debug_line    0x00000236       0xeb TI2C.o
 .debug_line    0x00000321       0xf6 I2CSlave.o
 .debug_line    0x00000417       0x88 c:/program files (x86)/atmel/atmel studio 6.0/extensions/atmel/avrgcc/3.4.1.95/avrtoolchain/bin/../lib/gcc/avr/4.6.2/avr5\libgcc.a(_exit.o)
 .debug_line    0x0000049f       0x91 c:/program files (x86)/atmel/atmel studio 6.0/extensions/atmel/avrgcc/3.4.1.95/avrtoolchain/bin/../lib/gcc/avr/4.6.2/avr5\libgcc.a(_copy_data.o)
 .debug_line    0x00000530       0x8e c:/program files (x86)/atmel/atmel studio 6.0/extensions/atmel/avrgcc/3.4.1.95/avrtoolchain/bin/../lib/gcc/avr/4.6.2/avr5\libgcc.a(_clear_bss.o)
 .debug_line    0x000005be       0x90 c:/program files (x86)/atmel/atmel studio 6.0/extensions/atmel/avrgcc/3.4.1.95/avrtoolchain/bin/../lib/gcc/avr/4.6.2/avr5\libgcc.a(_ctors.o)
 .debug_line    0x0000064e       0x8c c:/program files (x86)/atmel/atmel studio 6.0/extensions/atmel/avrgcc/3.4.1.95/avrtoolchain/bin/../lib/gcc/avr/4.6.2/avr5\libgcc.a(_tablejump.o)

.debug_frame    0x00000000      0x1e8
 *(.debug_frame)
 .debug_frame   0x00000000       0x70 hd44780.o
 .debug_frame   0x00000070       0x88 I2Ctest.o
 .debug_frame   0x000000f8       0x54 TI2C.o
 .debug_frame   0x0000014c       0x9c I2CSlave.o

.debug_str      0x00000000      0x346
 *(.debug_str)
 .debug_str     0x00000000       0xda hd44780.o
                                0x10e (size before relaxing)
 .debug_str     0x000000da      0x1b0 I2Ctest.o
                                0x276 (size before relaxing)
 .debug_str     0x0000028a       0x31 TI2C.o
                                0x1c5 (size before relaxing)
 .debug_str     0x000002bb       0x8b I2CSlave.o
                                0x159 (size before relaxing)

.debug_loc      0x00000000      0x2fe
 *(.debug_loc)
 .debug_loc     0x00000000       0xe3 hd44780.o
 .debug_loc     0x000000e3       0x5d I2Ctest.o
 .debug_loc     0x00000140       0xe0 TI2C.o
 .debug_loc     0x00000220       0xde I2CSlave.o

.debug_macinfo
 *(.debug_macinfo)
OUTPUT(GccApplication1.elf elf32-avr)
LOAD linker stubs
